  series 1/18
  series 2/18
  series 3/18
  series 4/18
  series 5/18
  series 6/18
  series 7/18
  series 8/18
  series 9/18
  series 10/18
  series 11/18
  series 12/18
  series 13/18
  series 14/18
  series 15/18
  series 16/18
  series 17/18
  series 18/18

scorecard (18 cells; ts hit = cols opening within 400 of a switch / all col-switch pairs; rates per 1k col-steps):
   k  dwell  cal |  ts hit% ts false kp1 rate  kz rate twin rate
 2.0     25  300 |     0.3%     0.02     0.04     0.02      0.00
 2.0     25  500 |     0.3%     0.02     0.04     0.02      0.00
 2.0     50  300 |     0.0%     0.01     0.02     0.01      0.00
 2.0     50  500 |     0.0%     0.01     0.02     0.01      0.00
 2.0    100  300 |     0.0%     0.01     0.02     0.01      0.00
 2.0    100  500 |     0.0%     0.01     0.02     0.01      0.00
 3.0     25  300 |     0.2%     0.02     0.03     0.02      0.00
 3.0     25  500 |     0.2%     0.02     0.03     0.02      0.00
 3.0     50  300 |     0.0%     0.01     0.02     0.01      0.00
 3.0     50  500 |     0.0%     0.01     0.02     0.01      0.00
 3.0    100  300 |     0.0%     0.01     0.02     0.01      0.00
 3.0    100  500 |     0.0%     0.01     0.02     0.01      0.00
 4.0     25  300 |     0.2%     0.01     0.03     0.02      0.00
 4.0     25  500 |     0.2%     0.01     0.03     0.02      0.00
 4.0     50  300 |     0.0%     0.01     0.02     0.01      0.00
 4.0     50  500 |     0.0%     0.01     0.02     0.01      0.00
 4.0    100  300 |     0.0%     0.01     0.01     0.01      0.00
 4.0    100  500 |     0.0%     0.01     0.01     0.01      0.00

passing region: 0/18 cells (bars: hit>=20%, ts false<1, kp1<0.5, kz<0.5, twin<0.2 per 1k)
chosen: NONE PASS: constants need rework, no calibration issues
