  series 1/18
  series 2/18
  series 3/18
  series 4/18
  series 5/18
  series 6/18
  series 7/18
  series 8/18
  series 9/18
  series 10/18
  series 11/18
  series 12/18
  series 13/18
  series 14/18
  series 15/18
  series 16/18
  series 17/18
  series 18/18

scorecard (hit = switches opened within 200; rates per 1k steps):
   k  dwell  cal |  ts hit% ts false kp1 rate  kz rate frzn rate
 2.0     10  200 |    66.7%     0.11     0.09     0.00      0.00
 2.0     10  300 |    66.7%     0.14     0.09     0.00      0.00
 2.0     25  200 |    46.7%     0.00     0.09     0.00      0.00
 2.0     25  300 |    46.7%     0.00     0.00     0.00      0.00
 2.0     50  200 |    46.7%     0.00     0.09     0.00      0.00
 2.0     50  300 |    46.7%     0.00     0.00     0.00      0.00
 3.0     10  200 |    86.7%     0.03     0.09     0.00      0.00
 3.0     10  300 |    80.0%     0.09     0.00     0.00      0.00
 3.0     25  200 |    73.3%     0.00     0.09     0.00      0.00
 3.0     25  300 |    60.0%     0.00     0.00     0.00      0.00
 3.0     50  200 |    53.3%     0.00     0.00     0.00      0.00
 3.0     50  300 |    53.3%     0.00     0.00     0.00      0.00
 4.0     10  200 |    86.7%     0.00     0.09     0.00      0.00
 4.0     10  300 |    86.7%     0.00     0.00     0.00      0.00
 4.0     25  200 |    73.3%     0.00     0.00     0.00      0.00
 4.0     25  300 |    73.3%     0.00     0.00     0.00      0.00
 4.0     50  200 |    73.3%     0.00     0.00     0.00      0.00
 4.0     50  300 |    60.0%     0.00     0.00     0.00      0.00

passing region: 4/18 (bars: hit>=80%, ts false<1, kp1<0.5, kz<0.5, frozen<0.5 per 1k)
chosen: {'k': 3.0, 'enter_dwell': 10, 'exit_dwell': 10, 'cal_window': 200}
calibration recorded: cal20 config_hash 00672fa51eb1
