comp25: 51 jobs, 0 in ledger, 51 to run
  comp25 5/51
  comp25 10/51
  comp25 15/51
  comp25 20/51
  comp25 25/51
  comp25 30/51
  comp25 35/51
  comp25 40/51
  comp25 45/51
  comp25 50/51
  comp25 51/51

shared twin (dynamics-null) diff: -0.0476 over 3 seeds
 signed  beta | late maj% late 1vr%  d-early  vis%  false   resp |    diff vs twin vs doff nan
   True  0.25 |    95.2%    92.0%   +15.0%  3.4%    106  0.054 |  -0.044  +0.004  -0.090   0
   True   0.5 |    94.4%    89.4%   +16.4%  1.4%     27  0.037 |  -0.120  -0.073  -0.106   0
   True   1.0 |    93.8%    87.9%   +20.8%  0.4%     18  0.027 |  -0.076  -0.029  -0.167   0
   True   2.0 |    87.0%    49.5%   +28.5%  5.0%    521  0.017 |  +0.016  +0.064  -0.223   0
  False  0.25 |   100.0%   100.0%    +0.1%  2.2%     84  0.001 |  -0.000  +0.047  -0.001   0
  False   0.5 |   100.0%   100.0%    +0.4%  5.4%    116  0.001 |  -0.001  +0.047  -0.002   0
  False   1.0 |   100.0%   100.0%    +4.6%  8.3%    136  0.001 |  -0.001  +0.047  +0.003   0
  False   2.0 |    99.9%    99.3%   +41.6%  0.0%      0  0.002 |  +0.001  +0.048  -0.001   0

reading guide: late maj%/1vr% = antipodal collapse (baseline signed/0.5
~92%/78%); vis% = switch-hit (baseline 3.3%); vs twin = dynamics gap;
vs doff = mechanism (E-specific) gap. flags, not ranks.
