hz12: 80 jobs, 0 in ledger, 80 to run
  hz12 10/80
  hz12 20/80
  hz12 30/80
  hz12 40/80
  hz12 50/80
  hz12 60/80
  hz12 70/80
  hz12 80/80

horizon curve (sign counts over seeds; reading, not ranking):
arm         steps  pos  neg  nan  mean diff  per-seed diffs
faithful     1500    0   10    0     -0.015  -0.016 -0.010 -0.022 -0.026 -0.008 -0.011 -0.005 -0.000 -0.011 -0.041
faithful     3000    1    9    0     -0.020  -0.032 -0.024 -0.025 -0.013 -0.001 +0.001 -0.059 -0.025 -0.018 -0.003
faithful     6000    9    1    0     +0.056  +0.109 +0.041 +0.110 +0.064 +0.024 +0.077 -0.046 +0.132 +0.019 +0.034
faithful    12000    9    1    0     +0.083  +0.039 +0.083 +0.092 +0.066 +0.090 +0.126 +0.179 +0.074 -0.013 +0.093
frozen       1500    1    9    0     -0.041  -0.035 -0.063 -0.040 -0.077 -0.062 -0.032 -0.018 +0.001 -0.077 -0.011
frozen       3000    0   10    0     -0.041  -0.036 -0.062 -0.034 -0.081 -0.062 -0.031 -0.015 -0.001 -0.079 -0.012
frozen       6000    1    9    0     -0.041  -0.035 -0.061 -0.039 -0.084 -0.061 -0.030 -0.015 +0.003 -0.077 -0.013
frozen      12000    0   10    0     -0.042  -0.033 -0.060 -0.041 -0.083 -0.063 -0.033 -0.016 -0.000 -0.079 -0.011

faithful minus frozen twin (the honest gap) per horizon:
    1500: +0.026
    3000: +0.021
    6000: +0.098
   12000: +0.124
reading for the freeze page: the registered horizon wants the smallest step count after which this gap stops growing.
hz12: 100 jobs, 80 in ledger, 20 to run
  hz12 10/20
  hz12 20/20

horizon curve (sign counts over seeds; reading, not ranking):
arm         steps  pos  neg  nan  mean diff  per-seed diffs
faithful     1500    0   10    0     -0.015  -0.016 -0.010 -0.022 -0.026 -0.008 -0.011 -0.005 -0.000 -0.011 -0.041
faithful     3000    1    9    0     -0.020  -0.032 -0.024 -0.025 -0.013 -0.001 +0.001 -0.059 -0.025 -0.018 -0.003
faithful     6000    9    1    0     +0.056  +0.109 +0.041 +0.110 +0.064 +0.024 +0.077 -0.046 +0.132 +0.019 +0.034
faithful    12000    9    1    0     +0.083  +0.039 +0.083 +0.092 +0.066 +0.090 +0.126 +0.179 +0.074 -0.013 +0.093
faithful    24000    6    4    0     +0.064  -0.021 +0.133 -0.071 +0.090 +0.174 +0.226 -0.059 -0.089 +0.077 +0.184
frozen       1500    1    9    0     -0.041  -0.035 -0.063 -0.040 -0.077 -0.062 -0.032 -0.018 +0.001 -0.077 -0.011
frozen       3000    0   10    0     -0.041  -0.036 -0.062 -0.034 -0.081 -0.062 -0.031 -0.015 -0.001 -0.079 -0.012
frozen       6000    1    9    0     -0.041  -0.035 -0.061 -0.039 -0.084 -0.061 -0.030 -0.015 +0.003 -0.077 -0.013
frozen      12000    0   10    0     -0.042  -0.033 -0.060 -0.041 -0.083 -0.063 -0.033 -0.016 -0.000 -0.079 -0.011
frozen      24000    0   10    0     -0.042  -0.036 -0.062 -0.040 -0.082 -0.063 -0.031 -0.019 -0.002 -0.078 -0.007

faithful minus frozen twin (the honest gap) per horizon:
    1500: +0.026
    3000: +0.021
    6000: +0.098
   12000: +0.124
   24000: +0.106
reading for the freeze page: the registered horizon wants the smallest step count after which this gap stops growing.
