rep18: 80 jobs, 0 in ledger, 80 to run
  rep18 10/80
  rep18 20/80
  rep18 30/80
  rep18 40/80
  rep18 50/80
  rep18 60/80
  rep18 70/80
  rep18 80/80

per-arm (matched, fresh graphs 10-19):
arm              kp1      kz    diff  signs  nan  per-seed diffs
raw01         +0.058  +0.066  -0.008   4/10    0  -0.246 -0.151 -0.022 -0.000 +0.000 +0.000 +0.000 +0.005 +0.138 +0.198
raw003        +0.026  +0.051  -0.025   3/10    0  -0.268 -0.099 -0.023 -0.001 -0.000 +0.000 +0.000 +0.005 +0.039 +0.096
raw_twin      -0.131  -0.047  -0.083   1/10    0  -0.435 -0.392 -0.248 -0.187 -0.049 -0.038 -0.013 +0.000 +0.000 +0.531
raw_direoff   +0.668  +0.699  -0.031   3/10    0  -0.494 -0.038 -0.037 -0.033 -0.005 +0.000 +0.000 +0.005 +0.045 +0.244
fan3          -0.118  -0.187  +0.069   8/10    0  -0.226 -0.099 +0.008 +0.036 +0.052 +0.062 +0.092 +0.154 +0.254 +0.361
fan3_twin     -0.901  -0.857  -0.044   0/10    0  -0.060 -0.057 -0.056 -0.046 -0.045 -0.041 -0.036 -0.034 -0.033 -0.031
fanb1         -0.209  -0.191  -0.017   4/10    0  -0.305 -0.176 -0.076 -0.027 -0.025 -0.022 +0.001 +0.002 +0.141 +0.314
fanb1_twin    -0.818  -0.797  -0.021   0/10    0  -0.052 -0.038 -0.035 -0.019 -0.018 -0.016 -0.013 -0.011 -0.007 -0.002

family readings vs own twin (honest gap + decomposition):
raw01        gap +0.0753   kp1 vs twin +0.1890   kz vs twin +0.1137   (kp1-side)
raw003       gap +0.0581   kp1 vs twin +0.1564   kz vs twin +0.0983   (kp1-side)
fan3         gap +0.1133   kp1 vs twin +0.7831   kz vs twin +0.6698   (kp1-side)
fanb1        gap +0.0036   kp1 vs twin +0.6091   kz vs twin +0.6055   (kp1-side)
rep18: 60 jobs, 20 in ledger, 40 to run
  rep18 10/40
  rep18 20/40
  rep18 30/40
  rep18 40/40

per-arm (matched, fresh graphs):
arm              kp1      kz    diff  signs  nan  per-seed diffs
raw01         +0.058  +0.066  -0.008   4/10    0  -0.246 -0.151 -0.022 -0.000 +0.000 +0.000 +0.000 +0.005 +0.138 +0.198
raw003        +0.026  +0.051  -0.025   3/10    0  -0.268 -0.099 -0.023 -0.001 -0.000 +0.000 +0.000 +0.005 +0.039 +0.096
raw_twin      -0.131  -0.047  -0.083   1/10    0  -0.435 -0.392 -0.248 -0.187 -0.049 -0.038 -0.013 +0.000 +0.000 +0.531
raw_direoff   +0.668  +0.699  -0.031   3/10    0  -0.494 -0.038 -0.037 -0.033 -0.005 +0.000 +0.000 +0.005 +0.045 +0.244
fan3          -0.124  -0.144  +0.020  19/30    0  -0.295 -0.243 -0.226 -0.114 -0.099 -0.098 -0.086 -0.053 -0.047 -0.018 -0.001 +0.002 +0.008 +0.025 +0.036 +0.043 +0.049 +0.052 +0.056 +0.062 +0.065 +0.077 +0.089 +0.092 +0.103 +0.112 +0.154 +0.236 +0.254 +0.361
fan3_twin     -0.904  -0.855  -0.050   0/30    0  -0.077 -0.068 -0.061 -0.061 -0.060 -0.060 -0.059 -0.057 -0.057 -0.056 -0.055 -0.054 -0.052 -0.052 -0.050 -0.047 -0.046 -0.045 -0.045 -0.044 -0.044 -0.043 -0.043 -0.041 -0.041 -0.036 -0.035 -0.034 -0.033 -0.031
fanb1         -0.209  -0.191  -0.017   4/10    0  -0.305 -0.176 -0.076 -0.027 -0.025 -0.022 +0.001 +0.002 +0.141 +0.314
fanb1_twin    -0.818  -0.797  -0.021   0/10    0  -0.052 -0.038 -0.035 -0.019 -0.018 -0.016 -0.013 -0.011 -0.007 -0.002

family readings vs own twin (honest gap + decomposition):
raw01        gap +0.0753   kp1 vs twin +0.1890   kz vs twin +0.1137   (kp1-side)
raw003       gap +0.0581   kp1 vs twin +0.1564   kz vs twin +0.0983   (kp1-side)
fan3         gap +0.0696   kp1 vs twin +0.7805   kz vs twin +0.7109   (kp1-side)
fanb1        gap +0.0036   kp1 vs twin +0.6091   kz vs twin +0.6055   (kp1-side)
