55: 3458 runs in the log, 3610 left
3610 jobs, 0 already done, 3610 to run on 16 workers
200/3610
400/3610
600/3610
/usr/lib/python3.14/multiprocessing/resource_tracker.py:396: UserWarning: resource_tracker: There appear to be 5 leaked semaphore objects to clean up at shutdown: {'/mp-qk6gx_12', '/mp-fak0tfdt', '/mp-uhqenkap', '/mp-9q4ihqgj', '/mp-vl8l7uqq'}
  warnings.warn(
55: 4098 runs in the log, 2970 left
2970 jobs, 0 already done, 2970 to run on 16 workers, chunks of 640
200/2970
400/2970
600/2970
800/2970
1000/2970
1200/2970
1400/2970
1600/2970
1800/2970
2000/2970
2200/2970
2400/2970
2600/2970
2800/2970
done
