gate38: 30 cells, 30 to run (Dir.E FROZEN, rule=softhebb, beta 0.5 pinned, 12000 steps)
  1/30 s52    frozen: maj 57.7% |cos| 0.142 cos_init +1.0000 net +nan |W| 11.3->11.3
  2/30 s50    frozen: maj 56.6% |cos| 0.143 cos_init +1.0000 net +nan |W| 11.3->11.33
  3/30 s51   centred: maj 66.5% |cos| 0.941 cos_init +0.1570 net +0.000 |W| 11.3->24.12
  4/30 s52    argmax: maj 94.3% |cos| 0.963 cos_init +0.0751 net -0.846 |W| 11.3->2438
  5/30 s50    argmax: maj 97.0% |cos| 0.970 cos_init +0.0637 net -0.839 |W| 11.3->2202
  6/30 s51    argmax: maj 94.6% |cos| 0.963 cos_init +0.0689 net -0.848 |W| 11.3->543.8
  7/30 s50   shift25: maj 92.7% |cos| 0.959 cos_init +0.0987 net -0.629 |W| 11.3->453.4
  8/30 s52   shift25: maj 96.5% |cos| 0.944 cos_init +0.1097 net -0.630 |W| 11.3->235.5
  9/30 s51    frozen: maj 56.8% |cos| 0.142 cos_init +1.0000 net +nan |W| 11.3->11.34
  10/30 s50   centred: maj 66.6% |cos| 0.934 cos_init +0.1643 net +0.000 |W| 11.3->24.01
  11/30 s51   shift25: maj 93.0% |cos| 0.963 cos_init +0.0879 net -0.627 |W| 11.3->308
  12/30 s52   centred: maj 65.9% |cos| 0.938 cos_init +0.1564 net +0.000 |W| 11.3->24.12
  13/30 s50   shift50: maj 93.0% |cos| 0.898 cos_init +0.2040 net -0.417 |W| 11.3->46.65
  14/30 s51   shift50: maj 92.8% |cos| 0.923 cos_init +0.1721 net -0.417 |W| 11.3->59.23
  15/30 s50   shift75: maj 88.3% |cos| 0.790 cos_init +0.2104 net -0.210 |W| 11.3->1.457e+04
  16/30 s52   shift75: maj 87.4% |cos| 0.807 cos_init +0.2272 net -0.209 |W| 11.3->1.314e+04
  17/30 s51   shift75: maj 87.4% |cos| 0.810 cos_init +0.2071 net -0.210 |W| 11.3->2.045e+04
  18/30 s50  shift100: maj 63.6% |cos| 0.310 cos_init +0.1514 net -0.000 |W| 11.3->2.497e+06
  19/30 s50     topk2: maj 91.5% |cos| 0.882 cos_init +0.1150 net -0.656 |W| 11.3->31.98
  20/30 s52   shift50: maj 92.5% |cos| 0.913 cos_init +0.1926 net -0.419 |W| 11.3->72.93
  21/30 s51     topk2: maj 93.6% |cos| 0.979 cos_init +0.0599 net -0.672 |W| 11.3->25.41
  22/30 s52  shift100: maj 65.6% |cos| 0.315 cos_init +0.1456 net +0.000 |W| 11.3->3.443e+06
  23/30 s50     topk4: maj 87.5% |cos| 0.999 cos_init +0.0176 net -0.413 |W| 11.3->30.3
  24/30 s51  shift100: maj 61.4% |cos| 0.310 cos_init +0.1432 net -0.000 |W| 11.3->4.5e+06
  25/30 s51  unsigned: maj 100.0% |cos| 1.000 cos_init +0.0059 net +1.000 |W| 11.3->30.86
  26/30 s52  unsigned: maj 100.0% |cos| 1.000 cos_init +0.0100 net +1.000 |W| 11.3->30.83
  27/30 s52     topk4: maj 87.5% |cos| 0.999 cos_init +0.0131 net -0.414 |W| 11.3->30.3
  28/30 s50  unsigned: maj 100.0% |cos| 1.000 cos_init +0.0113 net +1.000 |W| 11.3->30.83
  29/30 s52     topk2: maj 88.8% |cos| 0.811 cos_init +0.1480 net -0.685 |W| 11.3->29.44
  30/30 s51     topk4: maj 87.5% |cos| 0.999 cos_init +0.0107 net -0.414 |W| 11.3->30.33

gate family x rank-1 collapse, beta 0.5, Dir.E frozen, seeds [50, 51, 52], 12000 steps
frozen twin: maj 57.0% |W| 11.32 |cos| 0.142 (random-vector baseline ~0.14)
|cos| is the rank-1 detector: near 0.14 means columns still distinct, near 1.0 means the matrix has collapsed to one direction.

      arm      net     maj   patt    |a|    |W|/W0  cos_init   |cos|  t_maj75  t_cos90  status
   frozen     +nan   57.0%   1.00   5.65         1   +1.0000   0.142        -        -  ok
   argmax   -0.845   95.3%   0.70   5.52     152.6   +0.0693   0.966      640     5120  RANK-1
  centred   +0.000   66.4%   1.00   5.66     2.127   +0.1592   0.937        -     9920  RANK-1
  shift25   -0.629   94.0%   0.67   5.57     29.35   +0.0988   0.955      800     6240  RANK-1
  shift50   -0.418   92.8%   0.87   5.60     5.264   +0.1896   0.911     1280    10560  RANK-1
  shift75   -0.210   87.7%   0.92   5.70      1418   +0.2149   0.802     2240        -  RANK-1
 shift100   +0.000   63.6%   1.00   5.69 3.073e+05   +0.1467   0.312        -        -  ok
    topk2   -0.671   91.3%   0.97   5.66     2.556   +0.1077   0.891      480     9600  RANK-1
    topk4   -0.414   87.5%   1.00   5.66     2.677   +0.0138   0.999      480     3360  RANK-1
 unsigned   +1.000  100.0%   0.02   5.60     2.724   +0.0091   1.000      480     2880  RANK-1

reading:
  INERT (|W| never moved, uncollapsed for the wrong reason): none
  RANK-1 (|cos| > 3x frozen): ['argmax', 'centred', 'shift25', 'shift50', 'shift75', 'topk2', 'topk4', 'unsigned']
  shift arms that collapsed anyway: ['shift25', 'shift50', 'shift75'] (these preserve every pairwise gate difference EXACTLY, so if they collapse, loser ordering is not the mechanism)
  -> NO candidate. Every gate shape either collapses to rank 1 or does nothing. The collapse is a property of GATED-OJA ITSELF, not of the gate, and the gate family is exhausted. The next move changes the update rule.

net mass is the mean gate row sum. Run 33 found it load-bearing on CIFAR (+0.305 there); it is -0.845 for argmax here, the opposite sign, which is why the CIFAR shift result does not transfer.
