tri0.3 keep 0.0  norm off: growth rate +0.632/step (directions: +0.868, +0.475, +0.553); run 39 committed +0.694; window 5-9, final 3.9e-01 | window 5-12, final 3.7e-01 | window 5-13, final 3.8e-01
tri0.3 keep 0.25 norm off: growth rate +0.421/step (directions: +0.409, +0.423, +0.430); run 39 committed +0.403; window 5-22, final 3.2e-01 | window 5-22, final 2.5e-01 | window 5-22, final 2.8e-01
tri0.3 keep 0.5  norm off: growth rate +0.416/step (directions: +0.336, +0.380, +0.531); run 39 committed +0.084; window 5-29, final 2.5e-01 | window 5-29, final 2.9e-01 | window 5-22, final 2.5e-01
tri0.3 keep 0.75 norm off: growth rate +0.110/step (directions: +0.105, +0.116, +0.110); run 39 committed -0.261; window 5-84, final 2.7e-01 | window 5-83, final 2.7e-01 | window 5-83, final 2.6e-01
tri0.3 keep 0.9  norm off: growth rate +0.033/step (directions: +0.038, +0.026, +0.035); run 39 committed -0.342; window 5-271, final 2.2e-01 | window 5-361, final 2.2e-01 | window 5-276, final 2.2e-01
tri0.3 keep 0.0  norm on : growth rate +0.459/step (directions: +0.430, +0.444, +0.504); run 39 committed +0.704; window 5-14, final 4.1e-01 | window 5-16, final 4.3e-01 | window 5-16, final 4.4e-01
tri0.3 keep 0.25 norm on : growth rate +0.385/step (directions: +0.380, +0.418, +0.357); run 39 committed +0.418; window 5-22, final 3.5e-01 | window 5-19, final 3.3e-01 | window 5-18, final 3.2e-01
tri0.3 keep 0.5  norm on : growth rate +0.225/step (directions: +0.202, +0.230, +0.244); run 39 committed -0.002; window 5-38, final 3.2e-01 | window 5-38, final 3.6e-01 | window 5-38, final 3.7e-01
tri0.3 keep 0.75 norm on : growth rate +0.150/step (directions: +0.147, +0.156, +0.147); run 39 committed -0.690; window 5-69, final 2.6e-01 | window 5-70, final 2.9e-01 | window 5-73, final 2.8e-01
tri0.3 keep 0.9  norm on : growth rate +0.052/step (directions: +0.047, +0.037, +0.071); run 39 committed -1.606; window 5-202, final 3.0e-01 | window 5-259, final 2.7e-01 | window 5-155, final 2.8e-01
sign   keep 0.0  norm off: growth rate +nan/step (directions: none in window); run 39 committed +nan; window ---, distance exactly 0 from step 0, final 0.0e+00 | window ---, distance exactly 0 from step 0, final 0.0e+00 | window ---, distance exactly 0 from step 0, final 0.0e+00
sign   keep 0.25 norm off: growth rate +nan/step (directions: none in window); run 39 committed +nan; window 5-6, distance exactly 0 from step 7, final 0.0e+00 | window 5-5, distance exactly 0 from step 6, final 0.0e+00 | window 5-5, distance exactly 0 from step 6, final 0.0e+00
sign   keep 0.5  norm off: growth rate -0.280/step (directions: -0.297, -0.247, -0.296); run 39 committed +nan; window 5-16, distance exactly 0 from step 17, final 0.0e+00 | window 5-19, distance exactly 0 from step 20, final 0.0e+00 | window 5-16, distance exactly 0 from step 17, final 0.0e+00
sign   keep 0.75 norm off: growth rate -0.172/step (directions: -0.169, -0.163, -0.185); run 39 committed +nan; window 5-31, distance exactly 0 from step 32, final 0.0e+00 | window 5-37, distance exactly 0 from step 38, final 0.0e+00 | window 5-34, distance exactly 0 from step 35, final 0.0e+00
sign   keep 0.9  norm off: growth rate -0.065/step (directions: -0.061, -0.071, -0.062); run 39 committed +nan; window 5-102, distance exactly 0 from step 103, final 0.0e+00 | window 5-81, distance exactly 0 from step 82, final 0.0e+00 | window 5-102, distance exactly 0 from step 103, final 0.0e+00
sign   keep 0.0  norm on : growth rate +nan/step (directions: none in window); run 39 committed +nan; window ---, distance exactly 0 from step 0, final 0.0e+00 | window ---, distance exactly 0 from step 0, final 0.0e+00 | window ---, distance exactly 0 from step 0, final 0.0e+00
sign   keep 0.25 norm on : growth rate +0.065/step (directions: +0.208, -0.079); run 39 committed +nan; window 5-8, distance exactly 0 from step 9, final 0.0e+00 | window 5-9, distance exactly 0 from step 10, final 0.0e+00 | window 5-5, distance exactly 0 from step 6, final 0.0e+00
sign   keep 0.5  norm on : growth rate -0.173/step (directions: -0.158, -0.179, -0.181); run 39 committed +nan; window 5-16, distance exactly 0 from step 17, final 0.0e+00 | window 5-19, distance exactly 0 from step 20, final 0.0e+00 | window 5-16, distance exactly 0 from step 17, final 0.0e+00
sign   keep 0.75 norm on : growth rate -0.153/step (directions: -0.145, -0.165, -0.151); run 39 committed +nan; window 5-32, distance exactly 0 from step 33, final 0.0e+00 | window 5-35, distance exactly 0 from step 36, final 0.0e+00 | window 5-34, distance exactly 0 from step 35, final 0.0e+00
sign   keep 0.9  norm on : growth rate -0.061/step (directions: -0.060, -0.064, -0.060); run 39 committed +nan; window 5-102, distance exactly 0 from step 103, final 0.0e+00 | window 5-81, distance exactly 0 from step 82, final 0.0e+00 | window 5-102, distance exactly 0 from step 103, final 0.0e+00
wta    keep 0.0  norm off: growth rate +nan/step (directions: none in window); run 39 committed +nan; window ---, distance exactly 0 from step 0, final 0.0e+00 | window ---, distance exactly 0 from step 0, final 0.0e+00 | window ---, distance exactly 0 from step 0, final 0.0e+00
wta    keep 0.25 norm off: growth rate -0.414/step (directions: -0.478, -0.351); run 39 committed +nan; window 5-7, distance exactly 0 from step 8, final 0.0e+00 | window 5-7, distance exactly 0 from step 8, final 0.0e+00 | window 5-6, distance exactly 0 from step 7, final 0.0e+00
wta    keep 0.5  norm off: growth rate -0.407/step (directions: -0.332, -0.453, -0.435); run 39 committed +nan; window 5-14, distance exactly 0 from step 15, final 0.0e+00 | window 5-12, distance exactly 0 from step 13, final 0.0e+00 | window 5-12, distance exactly 0 from step 13, final 0.0e+00
wta    keep 0.75 norm off: growth rate -0.183/step (directions: -0.173, -0.208, -0.168); run 39 committed +nan; window 5-34, distance exactly 0 from step 35, final 0.0e+00 | window 5-31, distance exactly 0 from step 32, final 0.0e+00 | window 5-37, distance exactly 0 from step 38, final 0.0e+00
wta    keep 0.9  norm off: growth rate -0.065/step (directions: -0.058, -0.067, -0.069); run 39 committed +nan; window 5-95, distance exactly 0 from step 96, final 0.0e+00 | window 5-80, distance exactly 0 from step 81, final 0.0e+00 | window 5-87, distance exactly 0 from step 88, final 0.0e+00
wta    keep 0.0  norm on : growth rate +nan/step (directions: none in window); run 39 committed +nan; window ---, distance exactly 0 from step 0, final 0.0e+00 | window ---, distance exactly 0 from step 0, final 0.0e+00 | window ---, distance exactly 0 from step 0, final 0.0e+00
wta    keep 0.25 norm on : growth rate -0.696/step (directions: -0.484, -0.908); run 39 committed +nan; window 5-7, distance exactly 0 from step 8, final 0.0e+00 | window 5-7, distance exactly 0 from step 8, final 0.0e+00 | window 5-6, distance exactly 0 from step 7, final 0.0e+00
wta    keep 0.5  norm on : growth rate -0.295/step (directions: -0.105, -0.369, -0.411); run 39 committed +nan; window 5-15, distance exactly 0 from step 16, final 0.0e+00 | window 5-11, distance exactly 0 from step 12, final 0.0e+00 | window 5-12, distance exactly 0 from step 13, final 0.0e+00
wta    keep 0.75 norm on : growth rate -0.170/step (directions: -0.159, -0.189, -0.162); run 39 committed +nan; window 5-34, distance exactly 0 from step 35, final 0.0e+00 | window 5-31, distance exactly 0 from step 32, final 0.0e+00 | window 5-37, distance exactly 0 from step 38, final 0.0e+00
wta    keep 0.9  norm on : growth rate -0.062/step (directions: -0.056, -0.062, -0.069); run 39 committed +nan; window 5-95, distance exactly 0 from step 96, final 0.0e+00 | window 5-79, distance exactly 0 from step 80, final 0.0e+00 | window 5-87, distance exactly 0 from step 88, final 0.0e+00
