ssb36: 99 cells, 99 to run (Dir.E FROZEN, rule=softhebb, ss x beta at 12000 steps + time-rescaled controls at ss=0.01)
  1/99 s52           frozen: maj 57.7% |a| 5.67 |W| 11.3->11.3 rate/ss +0.0000
  2/99 s50           frozen: maj 56.6% |a| 5.59 |W| 11.3->11.33 rate/ss +0.0000
  3/99 s51           frozen: maj 56.8% |a| 5.69 |W| 11.3->11.34 rate/ss +0.0000
  4/99 s52     b0.5_ss0.001: maj 82.4% |a| 5.44 |W| 11.3->13.47 rate/ss +0.0146
  5/99 s51    b0.5_ss0.0003: maj 76.4% |a| 5.63 |W| 11.3->11.39 rate/ss +0.0013
  6/99 s52     b0.5_ss0.003: maj 93.5% |a| 5.32 |W| 11.3->25.02 rate/ss +0.0221
  7/99 s50     b0.5_ss0.001: maj 82.4% |a| 5.71 |W| 11.3->13.31 rate/ss +0.0134
  8/99 s51     b0.5_ss0.001: maj 84.9% |a| 6.04 |W| 11.3->13.37 rate/ss +0.0138
  9/99 s52    b0.5_ss0.0003: maj 73.5% |a| 5.65 |W| 11.3->11.39 rate/ss +0.0021
  10/99 s51     b0.5_ss0.003: maj 94.1% |a| 6.09 |W| 11.3->22.32 rate/ss +0.0188
  11/99 s50    b0.5_ss0.0003: maj 74.2% |a| 5.69 |W| 11.3->11.42 rate/ss +0.0022
  12/99 s50     b0.5_ss0.003: maj 93.2% |a| 5.63 |W| 11.3->22.82 rate/ss +0.0194
  13/99 s50      b0.5_ss0.01: maj 97.0% |a| 5.97 |W| 11.3->2202 rate/ss +0.0439
  14/99 s51      b0.5_ss0.01: maj 94.6% |a| 5.75 |W| 11.3->543.8 rate/ss +0.0323
  15/99 s52      b0.5_ss0.01: maj 94.3% |a| 4.83 |W| 11.3->2438 rate/ss +0.0448
  16/99 s50      b0.5_ss0.03: maj 95.4% |a| 5.62 |W| 11.3->1.318e+14 rate/ss +0.0836
  17/99 s51      b0.5_ss0.03: maj 93.0% |a| 5.68 |W| 11.3->1.429e+15 rate/ss +0.0902
  18/99 s52       b1_ss0.001: maj 79.7% |a| 5.56 |W| 11.3->13.26 rate/ss +0.0134
  19/99 s52      b1_ss0.0003: maj 71.0% |a| 5.66 |W| 11.3->11.63 rate/ss +0.0079
  20/99 s51       b1_ss0.001: maj 76.6% |a| 5.77 |W| 11.3->13.21 rate/ss +0.0127
  21/99 s52      b0.5_ss0.03: maj 94.9% |a| 5.67 |W| 11.3->9.944e+13 rate/ss +0.0828
  22/99 s51      b1_ss0.0003: maj 73.2% |a| 5.58 |W| 11.3->11.62 rate/ss +0.0070
  23/99 s50       b1_ss0.003: maj 91.5% |a| 5.57 |W| 11.3->25.88 rate/ss +0.0229
  24/99 s51       b1_ss0.003: maj 86.0% |a| 3.60 |W| 11.3->23.61 rate/ss +0.0204
  25/99 s50      b1_ss0.0003: maj 71.8% |a| 5.65 |W| 11.3->11.65 rate/ss +0.0076
  26/99 s50       b1_ss0.001: maj 76.3% |a| 5.54 |W| 11.3->13.22 rate/ss +0.0128
  27/99 s50        b1_ss0.01: maj 92.7% |a| 5.86 |W| 11.3->4.2e+05 rate/ss +0.0877
  28/99 s51        b1_ss0.01: maj 95.0% |a| 5.36 |W| 11.3->3.591e+05 rate/ss +0.0864
  29/99 s52       b1_ss0.003: maj 90.4% |a| 5.25 |W| 11.3->25.2 rate/ss +0.0223
  30/99 s50        b1_ss0.03: maj 95.2% |a| 4.49 |W| 11.3->inf rate/ss +inf
  31/99 s51        b1_ss0.03: maj 97.2% |a| 4.68 |W| 11.3->inf rate/ss +inf
  32/99 s50      b2_ss0.0003: maj 55.9% |a| 5.68 |W| 11.3->11.27 rate/ss -0.0015
  33/99 s52      b2_ss0.0003: maj 58.4% |a| 5.68 |W| 11.3->11.25 rate/ss -0.0013
  34/99 s50       b2_ss0.001: maj 60.1% |a| 5.67 |W| 11.3->11.35 rate/ss +0.0001
  35/99 s51      b2_ss0.0003: maj 58.1% |a| 5.65 |W| 11.3->11.27 rate/ss -0.0016
  36/99 s52        b1_ss0.03: maj 93.9% |a| 4.89 |W| 11.3->inf rate/ss +inf
  37/99 s51       b2_ss0.001: maj 61.1% |a| 5.67 |W| 11.3->11.34 rate/ss +0.0000
  38/99 s50       b2_ss0.003: maj 71.9% |a| 5.65 |W| 11.3->13.21 rate/ss +0.0043
  39/99 s52        b1_ss0.01: maj 95.7% |a| 5.07 |W| 11.3->2.129e+05 rate/ss +0.0820
  40/99 s51       b2_ss0.003: maj 72.1% |a| 5.42 |W| 11.3->13.47 rate/ss +0.0048
  41/99 s52       b2_ss0.003: maj 71.9% |a| 5.41 |W| 11.3->13.87 rate/ss +0.0057
  42/99 s50        b2_ss0.01: maj 84.0% |a| 5.35 |W| 11.3->3.637e+04 rate/ss +0.0673
  43/99 s52        b2_ss0.01: maj 87.3% |a| 5.26 |W| 11.3->1.231e+05 rate/ss +0.0775
  44/99 s51        b2_ss0.01: maj 90.4% |a| 5.96 |W| 11.3->5.684e+05 rate/ss +0.0902
  45/99 s52       b2_ss0.001: maj 60.8% |a| 5.59 |W| 11.3->11.38 rate/ss +0.0006
  46/99 s51        b2_ss0.03: maj 93.0% |a| 3.22 |W| 11.3->1.833e+18 rate/ss +0.1101
  47/99 s50      b4_ss0.0003: maj 57.0% |a| 5.68 |W| 11.3->11.23 rate/ss -0.0026
  48/99 s51      b4_ss0.0003: maj 57.2% |a| 5.63 |W| 11.3->11.23 rate/ss -0.0025
  49/99 s52      b4_ss0.0003: maj 57.8% |a| 5.64 |W| 11.3->11.2 rate/ss -0.0025
  50/99 s50        b2_ss0.03: maj 90.1% |a| 4.98 |W| 11.3->1.801e+17 rate/ss +0.1036
  51/99 s50       b4_ss0.001: maj 57.8% |a| 5.67 |W| 11.3->11.23 rate/ss -0.0008
  52/99 s51       b4_ss0.001: maj 57.9% |a| 5.65 |W| 11.3->11.23 rate/ss -0.0008
  53/99 s50 b0.5_rescale0.0003: maj 74.1% |a| 5.62 |W| 11.3->11.43 rate/ss +0.0023
  54/99 s52       b4_ss0.001: maj 57.2% |a| 5.66 |W| 11.3->11.2 rate/ss -0.0008
  55/99 s52 b0.5_rescale0.0003: maj 74.2% |a| 5.66 |W| 11.3->11.38 rate/ss +0.0020
  56/99 s51 b0.5_rescale0.0003: maj 77.6% |a| 5.67 |W| 11.3->11.39 rate/ss +0.0014
  57/99 s50 b0.5_rescale0.001: maj 80.4% |a| 5.76 |W| 11.3->13.3 rate/ss +0.0133
  58/99 s50       b4_ss0.003: maj 57.5% |a| 5.66 |W| 11.3->11.23 rate/ss -0.0003
  59/99 s52        b2_ss0.03: maj 94.4% |a| 4.11 |W| 11.3->1.186e+18 rate/ss +0.1089
  60/99 s51 b0.5_rescale0.001: maj 82.8% |a| 5.44 |W| 11.3->13.36 rate/ss +0.0137
  61/99 s52 b0.5_rescale0.001: maj 83.6% |a| 5.30 |W| 11.3->13.47 rate/ss +0.0146
  62/99 s50 b1_rescale0.0003: maj 69.3% |a| 5.76 |W| 11.3->11.64 rate/ss +0.0075
  63/99 s51 b1_rescale0.0003: maj 73.0% |a| 5.76 |W| 11.3->11.62 rate/ss +0.0069
  64/99 s51        b4_ss0.01: maj 56.9% |a| 5.69 |W| 11.3->11.22 rate/ss -0.0001
  65/99 s51       b4_ss0.003: maj 57.8% |a| 5.64 |W| 11.3->11.23 rate/ss -0.0003
  66/99 s52 b1_rescale0.0003: maj 70.8% |a| 5.57 |W| 11.3->11.6 rate/ss +0.0074
  67/99 s50  b1_rescale0.001: maj 77.2% |a| 5.59 |W| 11.3->13.17 rate/ss +0.0125
  68/99 s51 b0.5_rescale0.003: maj 94.6% |a| 6.46 |W| 11.3->23.12 rate/ss +0.0198
  69/99 s52 b0.5_rescale0.003: maj 93.2% |a| 6.00 |W| 11.3->25.34 rate/ss +0.0224
  70/99 s51  b1_rescale0.001: maj 80.1% |a| 5.65 |W| 11.3->13.22 rate/ss +0.0128
  71/99 s52  b1_rescale0.001: maj 80.2% |a| 5.52 |W| 11.3->13.24 rate/ss +0.0132
  72/99 s50        b4_ss0.03: maj 56.1% |a| 5.60 |W| 11.3->11.22 rate/ss -0.0000
  73/99 s50 b0.5_rescale0.003: maj 95.1% |a| 5.78 |W| 11.3->22.97 rate/ss +0.0196
  74/99 s52 b2_rescale0.0003: maj 58.7% |a| 5.74 |W| 11.3->11.23 rate/ss -0.0018
  75/99 s52        b4_ss0.03: maj 57.3% |a| 5.66 |W| 11.3->11.19 rate/ss -0.0000
  76/99 s50 b2_rescale0.0003: maj 56.4% |a| 5.69 |W| 11.3->11.26 rate/ss -0.0018
  77/99 s51 b2_rescale0.0003: maj 57.3% |a| 5.65 |W| 11.3->11.26 rate/ss -0.0018
  78/99 s50        b4_ss0.01: maj 55.4% |a| 5.66 |W| 11.3->11.22 rate/ss -0.0001
  79/99 s52       b4_ss0.003: maj 58.5% |a| 5.63 |W| 11.3->11.19 rate/ss -0.0003
  80/99 s52        b4_ss0.01: maj 58.0% |a| 5.64 |W| 11.3->11.18 rate/ss -0.0001
  81/99 s51        b4_ss0.03: maj 57.2% |a| 5.62 |W| 11.3->11.22 rate/ss -0.0000
  82/99 s50 b4_rescale0.0003: maj 57.7% |a| 5.63 |W| 11.3->11.21 rate/ss -0.0029
  83/99 s51 b4_rescale0.0003: maj 57.2% |a| 5.68 |W| 11.3->11.22 rate/ss -0.0029
  84/99 s52 b4_rescale0.0003: maj 57.3% |a| 5.62 |W| 11.3->11.18 rate/ss -0.0031
  85/99 s50  b2_rescale0.001: maj 60.5% |a| 5.56 |W| 11.3->11.32 rate/ss -0.0001
  86/99 s52  b2_rescale0.001: maj 59.1% |a| 5.60 |W| 11.3->11.32 rate/ss +0.0001
  87/99 s51  b2_rescale0.001: maj 60.8% |a| 5.68 |W| 11.3->11.31 rate/ss -0.0002
  88/99 s52  b4_rescale0.001: maj 57.8% |a| 5.66 |W| 11.3->11.18 rate/ss -0.0009
  89/99 s51  b4_rescale0.001: maj 57.5% |a| 5.64 |W| 11.3->11.22 rate/ss -0.0009
  90/99 s50  b4_rescale0.001: maj 56.7% |a| 5.63 |W| 11.3->11.21 rate/ss -0.0009
  91/99 s52  b1_rescale0.003: maj 93.7% |a| 6.35 |W| 11.3->24.91 rate/ss +0.0220
  92/99 s51  b1_rescale0.003: maj 92.8% |a| 6.27 |W| 11.3->25.39 rate/ss +0.0224
  93/99 s50  b1_rescale0.003: maj 92.8% |a| 5.18 |W| 11.3->23.79 rate/ss +0.0206
  94/99 s50  b2_rescale0.003: maj 73.1% |a| 5.72 |W| 11.3->13.05 rate/ss +0.0039
  95/99 s51  b2_rescale0.003: maj 75.2% |a| 5.60 |W| 11.3->13.12 rate/ss +0.0041
  96/99 s52  b2_rescale0.003: maj 70.6% |a| 5.54 |W| 11.3->13.66 rate/ss +0.0053
  97/99 s51  b4_rescale0.003: maj 56.8% |a| 5.64 |W| 11.3->11.22 rate/ss -0.0003
  98/99 s52  b4_rescale0.003: maj 57.7% |a| 5.68 |W| 11.3->11.18 rate/ss -0.0003
  99/99 s50  b4_rescale0.003: maj 56.6% |a| 5.63 |W| 11.3->11.22 rate/ss -0.0003

ss x beta, Dir.E frozen, rule=softhebb, seeds [50, 51, 52], 12000 steps
frozen twin: maj 57.0% |a| 5.65 |W| 11.32
rate_per_ss is meas_rate/ss. CONSTANT down an ss column means ss is a pure time rescaling and buys nothing.

 beta       ss     maj   patt    |a|         |W|   xfrozen       meas   rate/ss       hebb      decay   h2/h1
  0.5    3e-04   74.7%   1.00   5.66        11.4      1.01  +5.63e-07   +0.0019  +3.35e-06  -2.80e-06  -10.86
  0.5    1e-03   83.2%   0.91   5.73       13.38      1.18  +1.39e-05   +0.0139  +2.50e-05  -1.15e-05    3.28
  0.5    3e-03   93.6%   0.71   5.68       23.39      2.07  +6.03e-05   +0.0201  +9.45e-05  -4.16e-05    0.53
  0.5    1e-02   95.3%   0.70   5.52        1728       153  +4.03e-04   +0.0403  +2.59e-04  -1.11e-04    0.43
  0.5    3e-02   94.5%   0.62   5.66   5.534e+14  4.89e+13  +2.57e-03   +0.0855  +6.77e-04  -1.86e-04    1.38

    1    3e-04   72.0%   1.00   5.63       11.63      1.03  +2.24e-06   +0.0075  +5.42e-06  -3.18e-06    2.90
    1    1e-03   77.5%   0.99   5.62       13.23      1.17  +1.30e-05   +0.0130  +2.21e-05  -9.33e-06    1.81
    1    3e-03   89.3%   0.80   4.81        24.9       2.2  +6.56e-05   +0.0219  +9.45e-05  -4.01e-05    1.64
    1    1e-02   94.5%   0.71   5.43   3.307e+05  2.92e+04  +8.54e-04   +0.0854  +2.57e-04  -7.70e-06    2.27
    1    3e-02   95.4%   0.60   4.69         nan       nan       +nan      +nan  +5.85e-04       +nan   -0.12

    2    3e-04   57.5%   1.00   5.67       11.26     0.995  -4.46e-07   -0.0015  +1.49e-05  -1.53e-05   -1.99
    2    1e-03   60.7%   1.00   5.64       11.35         1  +2.35e-07   +0.0002  +5.17e-05  -5.15e-05    2.72
    2    3e-03   72.0%   1.00   5.49       13.52      1.19  +1.47e-05   +0.0049  +1.01e-04  -8.65e-05    4.46
    2    1e-02   87.2%   0.87   5.52   2.426e+05  2.14e+04  +7.83e-04   +0.0783  +2.39e-04  +1.33e-04    8.80
    2    3e-02   92.5%   0.65   4.10   1.067e+18  9.42e+16  +3.23e-03   +0.1075  +3.99e-04  +7.51e-04    1.13

    4    3e-04   57.3%   1.00   5.65       11.22     0.991  -7.60e-07   -0.0025  +1.61e-05  -1.68e-05   -1.15
    4    1e-03   57.7%   1.00   5.66       11.22     0.991  -7.74e-07   -0.0008  +5.60e-05  -5.67e-05    1.39
    4    3e-03   57.9%   1.00   5.64       11.22     0.991  -7.90e-07   -0.0003  +1.70e-04  -1.71e-04    0.99
    4    1e-02   56.8%   1.00   5.66       11.21      0.99  -8.64e-07   -0.0001  +5.73e-04  -5.74e-04    0.98
    4    3e-02   56.8%   1.00   5.63       11.21      0.99  -8.43e-07   -0.0000  +1.72e-03  -1.73e-03    1.02

time-rescaled controls: same ss*N product, run at the incumbent ss.
 beta   orig ss   orig |W|  ctrl steps   ctrl |W|    ratio  orig maj  ctrl maj
  0.5     3e-04       11.4         360       11.4        1     74.7%     75.3%
  0.5     1e-03      13.38        1200      13.38    0.999     83.2%     82.3%
  0.5     3e-03      23.39        3600      23.81     1.02     93.6%     94.3%
    1     3e-04      11.63         360      11.62    0.999     72.0%     71.0%
    1     1e-03      13.23        1200      13.21    0.999     77.5%     79.2%
    1     3e-03       24.9        3600       24.7    0.992     89.3%     93.1%
    2     3e-04      11.26         360      11.25    0.999     57.5%     57.5%
    2     1e-03      11.35        1200      11.32    0.997     60.7%     60.1%
    2     3e-03      13.52        3600      13.27    0.982     72.0%     73.0%
    4     3e-04      11.22         360       11.2    0.999     57.3%     57.4%
    4     1e-03      11.22        1200       11.2    0.999     57.7%     57.3%
    4     3e-03      11.22        3600       11.2    0.999     57.9%     57.1%

reading:
  beta 0.5: rate_per_ss spans +0.0019 to +0.0855, ratio 45.58x
  beta 1: rate_per_ss spans +0.0075 to +0.0854, ratio 11.41x
  beta 2: rate_per_ss spans -0.0015 to +0.1075, ratio 457.31x
  beta 4: rate_per_ss spans -0.0025 to -0.0000, ratio 90.21x
  time-rescaled pairs match within 2x: True (worst 1.02x)
  NO live cell, and the null did not hold cleanly either.
  -> report the shape as measured. Superlinear compounding or control divergence both mean the first-order account from run 35 is incomplete; say which, and do not smooth it.

h2/h1 is the ratio of second-half to first-half log-growth slope. Above 1 means the runaway accelerates, which is the feedback signature run 35 found; near 1 means constant-rate growth.
