wdir37: 45 cells, 45 to run (Dir.E FROZEN, rule=softhebb, 12000 steps, 25-point trace)
  1/45 s51       frozen: maj 56.8% cos_init +1.0000 |cos| 0.142 |W| 11.3->11.34
  2/45 s50       frozen: maj 56.6% cos_init +1.0000 |cos| 0.143 |W| 11.3->11.33
  3/45 s52       frozen: maj 57.7% cos_init +1.0000 |cos| 0.142 |W| 11.3->11.3
  4/45 s50 b0.5_ss3e-05: maj 58.9% cos_init +0.9995 |cos| 0.143 |W| 11.3->11.34
  5/45 s50 b0.5_ss1e-05: maj 56.9% cos_init +0.9999 |cos| 0.143 |W| 11.3->11.34
  6/45 s51 b0.5_ss0.0001: maj 66.8% cos_init +0.9939 |cos| 0.142 |W| 11.3->11.31
  7/45 s50 b0.5_ss0.0001: maj 67.2% cos_init +0.9941 |cos| 0.143 |W| 11.3->11.33
  8/45 s52 b0.5_ss0.0001: maj 67.6% cos_init +0.9946 |cos| 0.142 |W| 11.3->11.29
  9/45 s51 b0.5_ss3e-05: maj 61.0% cos_init +0.9994 |cos| 0.142 |W| 11.3->11.34
  10/45 s51 b0.5_ss1e-05: maj 58.0% cos_init +0.9999 |cos| 0.142 |W| 11.3->11.34
  11/45 s52 b0.5_ss3e-05: maj 60.3% cos_init +0.9995 |cos| 0.142 |W| 11.3->11.31
  12/45 s52 b0.5_ss1e-05: maj 58.0% cos_init +0.9999 |cos| 0.142 |W| 11.3->11.3
  13/45 s52 b0.5_ss0.0003: maj 73.5% cos_init +0.9584 |cos| 0.153 |W| 11.3->11.39
  14/45 s51 b0.5_ss0.0003: maj 76.4% cos_init +0.9558 |cos| 0.154 |W| 11.3->11.39
  15/45 s50 b0.5_ss0.001: maj 82.4% cos_init +0.7469 |cos| 0.400 |W| 11.3->13.31
  16/45 s52 b0.5_ss0.001: maj 82.4% cos_init +0.7375 |cos| 0.412 |W| 11.3->13.47
  17/45 s52 b0.5_ss0.003: maj 93.5% cos_init +0.3344 |cos| 0.854 |W| 11.3->25.02
  18/45 s51 b0.5_ss0.001: maj 84.9% cos_init +0.7289 |cos| 0.421 |W| 11.3->13.37
  19/45 s50 b0.5_ss0.003: maj 93.2% cos_init +0.3432 |cos| 0.849 |W| 11.3->22.82
  20/45 s50  b0.5_ss0.01: maj 97.0% cos_init +0.0637 |cos| 0.970 |W| 11.3->2202
  21/45 s50 b0.5_ss0.0003: maj 74.2% cos_init +0.9576 |cos| 0.153 |W| 11.3->11.42
  22/45 s51  b0.5_ss0.01: maj 94.6% cos_init +0.0689 |cos| 0.963 |W| 11.3->543.8
  23/45 s52  b0.5_ss0.01: maj 94.3% cos_init +0.0751 |cos| 0.963 |W| 11.3->2438
  24/45 s50   b2_ss1e-05: maj 56.8% cos_init +0.9994 |cos| 0.143 |W| 11.3->11.31
  25/45 s51 b0.5_ss0.003: maj 94.1% cos_init +0.3290 |cos| 0.863 |W| 11.3->22.32
  26/45 s52   b2_ss1e-05: maj 58.8% cos_init +0.9996 |cos| 0.142 |W| 11.3->11.29
  27/45 s50   b2_ss3e-05: maj 57.5% cos_init +0.9930 |cos| 0.143 |W| 11.3->11.26
  28/45 s52   b2_ss3e-05: maj 58.3% cos_init +0.9940 |cos| 0.142 |W| 11.3->11.24
  29/45 s50  b2_ss0.0001: maj 56.4% cos_init +0.9794 |cos| 0.143 |W| 11.3->11.26
  30/45 s51  b2_ss0.0001: maj 57.3% cos_init +0.9796 |cos| 0.142 |W| 11.3->11.26
  31/45 s51   b2_ss1e-05: maj 57.2% cos_init +0.9993 |cos| 0.142 |W| 11.3->11.32
  32/45 s51   b2_ss3e-05: maj 57.8% cos_init +0.9926 |cos| 0.142 |W| 11.3->11.26
  33/45 s52  b2_ss0.0001: maj 58.9% cos_init +0.9795 |cos| 0.142 |W| 11.3->11.23
  34/45 s51   b2_ss0.001: maj 61.1% cos_init +0.9764 |cos| 0.142 |W| 11.3->11.34
  35/45 s52  b2_ss0.0003: maj 58.4% cos_init +0.9784 |cos| 0.142 |W| 11.3->11.25
  36/45 s52   b2_ss0.001: maj 60.8% cos_init +0.9745 |cos| 0.142 |W| 11.3->11.38
  37/45 s50   b2_ss0.003: maj 71.9% cos_init +0.8564 |cos| 0.214 |W| 11.3->13.21
  38/45 s51   b2_ss0.003: maj 72.1% cos_init +0.8355 |cos| 0.228 |W| 11.3->13.47
  39/45 s50  b2_ss0.0003: maj 55.9% cos_init +0.9783 |cos| 0.143 |W| 11.3->11.27
  40/45 s50    b2_ss0.01: maj 84.0% cos_init +0.2769 |cos| 0.544 |W| 11.3->3.637e+04
  41/45 s51  b2_ss0.0003: maj 58.1% cos_init +0.9787 |cos| 0.142 |W| 11.3->11.27
  42/45 s51    b2_ss0.01: maj 90.4% cos_init +0.2640 |cos| 0.605 |W| 11.3->5.684e+05
  43/45 s50   b2_ss0.001: maj 60.1% cos_init +0.9759 |cos| 0.143 |W| 11.3->11.35
  44/45 s52    b2_ss0.01: maj 87.3% cos_init +0.2592 |cos| 0.592 |W| 11.3->1.231e+05
  45/45 s52   b2_ss0.003: maj 71.9% cos_init +0.8227 |cos| 0.242 |W| 11.3->13.87

direction vs magnitude, Dir.E frozen, seeds [50, 51, 52], 12000 steps
frozen twin: maj 57.0% |W| 11.32 cos_init +1.0000 |cos| 0.142
reference: random unit vectors in R^32 give E|cos| ~ 0.14, so the frozen |cos| should land near there.
cos_init = cos(W_0, W_t): 1.000 means the weights never turned.

 beta       ss     maj   |W|/W0  cos_init   |cos|  t_maj75  t_cos99  t_cos95  t_w110
  0.5    1e-05   57.6%        1   +0.9999   0.142        -        -        -       -
  0.5    3e-05   60.1%        1   +0.9995   0.142        -        -        -       -
  0.5    1e-04   67.2%    0.999   +0.9942   0.142        -        -        -       -
  0.5    3e-04   74.7%     1.01   +0.9573   0.153     8800     5440        -       -
  0.5    1e-03   83.2%     1.18   +0.7378   0.411     3200     1920     4320    9120
  0.5    3e-03   93.6%     2.07   +0.3356   0.855      960      960     1440    3360
  0.5    1e-02   95.3%      153   +0.0693   0.966      640      480      480     960

    2    1e-05   57.6%    0.998   +0.9994   0.142        -        -        -       -
    2    3e-05   57.9%    0.994   +0.9932   0.142        -        -        -       -
    2    1e-04   57.5%    0.993   +0.9795   0.142        -     4960        -       -
    2    3e-04   57.5%    0.995   +0.9785   0.142        -     1920        -       -
    2    1e-03   60.7%        1   +0.9756   0.142        -      640        -       -
    2    3e-03   72.0%     1.19   +0.8382   0.228    11040      480     7200    9440
    2    1e-02   87.2% 2.14e+04   +0.2667   0.580     4960      480     2400    3200

reading:
  ROTATED at near-constant norm (cos_init < 0.95, |W| < 1.2x): ['b0.5_ss0.001', 'b2_ss0.003']
  COLLAPSED without turning (cos_init > 0.99, maj > 70%): none
  collapse leads (t_maj75 < t_cos95): ['b0.5_ss0.001', 'b0.5_ss0.003']
  weights lead (t_cos95 < t_maj75): ['b0.5_ss0.01', 'b2_ss0.003', 'b2_ss0.01']
  channels merging (|cos| > 3x frozen): ['b0.5_ss0.003', 'b0.5_ss0.01', 'b2_ss0.01']
  -> DIRECTIONAL. The weights turn at near-constant norm, |W| was blind to it, and no normalisation scheme addresses it. The next question is what they turn TOWARD.

trace of the incumbent (b0.5_ss1e-2), step / maj / |W| / cos_init / |cos|:
    [0, 0.57079, 11.3331, 0.999999, 0.142617]
    [480, 0.71811, 11.5655, 0.932543, 0.16884]
    [960, 0.79401, 12.6025, 0.808537, 0.310362]
    [1440, 0.85459, 14.0703, 0.688144, 0.483181]
    [1920, 0.86926, 15.7453, 0.58395, 0.617039]
    [2400, 0.88074, 17.65, 0.495742, 0.714877]
    [2880, 0.9088, 19.636, 0.42665, 0.780177]
    [3360, 0.92985, 21.7849, 0.370852, 0.828406]
    [3840, 0.91454, 24.0884, 0.332611, 0.856478]
    [4320, 0.92156, 26.4635, 0.29956, 0.87577]
    [4800, 0.95472, 29.3126, 0.267975, 0.890608]
    [5280, 0.93367, 32.737, 0.237679, 0.906711]
    [5760, 0.95599, 36.8082, 0.212354, 0.918968]
    [6240, 0.93941, 42.1989, 0.191251, 0.929472]
    [6720, 0.93176, 49.707, 0.173671, 0.936392]
    [7200, 0.94898, 60.5943, 0.158085, 0.941337]
    [7680, 0.95791, 76.0956, 0.141272, 0.950378]
    [8160, 0.94005, 100.4421, 0.124009, 0.958932]
    [8640, 0.92602, 138.4512, 0.114714, 0.960443]
    [9120, 0.95472, 196.5216, 0.107725, 0.960162]
    [9600, 0.94643, 286.0209, 0.099861, 0.960257]
    [10080, 0.94388, 417.1805, 0.087506, 0.96765]
    [10560, 0.96429, 616.8855, 0.08023, 0.969829]
    [11040, 0.94962, 958.4453, 0.079326, 0.963382]
    [11520, 0.9375, 1452.4955, 0.070564, 0.967619]
